127.0.0.1 - - [27/Sep/2021:00:52:12 +0900] "GET / HTTP/1.1" 404 807
0:0:0:0:0:0:0:1 - - [27/Sep/2021:00:52:13 +0900] "GET /firstweb/ten HTTP/1.1" 200 22
0:0:0:0:0:0:0:1 - - [27/Sep/2021:00:52:51 +0900] "GET /firstweb/ten HTTP/1.1" 200 22
0:0:0:0:0:0:0:1 - - [27/Sep/2021:00:53:23 +0900] "GET /firstweb/ten HTTP/1.1" 200 22
127.0.0.1 - - [27/Sep/2021:01:03:17 +0900] "GET / HTTP/1.1" 404 807
0:0:0:0:0:0:0:1 - - [27/Sep/2021:01:03:17 +0900] "GET /exam31/ten HTTP/1.1" 200 92
127.0.0.1 - - [27/Sep/2021:01:03:58 +0900] "GET / HTTP/1.1" 404 807
0:0:0:0:0:0:0:1 - - [27/Sep/2021:01:03:58 +0900] "GET /exam31/ttt HTTP/1.1" 200 92
127.0.0.1 - - [27/Sep/2021:01:07:45 +0900] "GET / HTTP/1.1" 404 807
0:0:0:0:0:0:0:1 - - [27/Sep/2021:01:07:46 +0900] "GET /firstweb/LifecycleServlet HTTP/1.1" 200 -
0:0:0:0:0:0:0:1 - - [27/Sep/2021:01:07:52 +0900] "GET /firstweb/LifecycleServlet HTTP/1.1" 200 -
0:0:0:0:0:0:0:1 - - [27/Sep/2021:01:07:52 +0900] "GET /favicon.ico HTTP/1.1" 404 818
0:0:0:0:0:0:0:1 - - [27/Sep/2021:01:07:53 +0900] "GET /firstweb/LifecycleServlet HTTP/1.1" 200 -
127.0.0.1 - - [27/Sep/2021:01:10:41 +0900] "GET / HTTP/1.1" 404 807
0:0:0:0:0:0:0:1 - - [27/Sep/2021:01:10:41 +0900] "GET /firstweb/LifecycleServlet HTTP/1.1" 200 -
0:0:0:0:0:0:0:1 - - [27/Sep/2021:01:10:50 +0900] "GET /firstweb/LifecycleServlet HTTP/1.1" 200 -
127.0.0.1 - - [27/Sep/2021:01:20:07 +0900] "GET / HTTP/1.1" 404 807
0:0:0:0:0:0:0:1 - - [27/Sep/2021:01:20:08 +0900] "GET /firstweb/LifecycleServlet HTTP/1.1" 200 217
127.0.0.1 - - [27/Sep/2021:15:54:09 +0900] "GET / HTTP/1.1" 404 807
0:0:0:0:0:0:0:1 - - [27/Sep/2021:15:54:09 +0900] "GET /firstweb/LifecycleServlet HTTP/1.1" 200 217
0:0:0:0:0:0:0:1 - - [27/Sep/2021:15:54:09 +0900] "GET /favicon.ico HTTP/1.1" 404 818
0:0:0:0:0:0:0:1 - - [27/Sep/2021:15:59:38 +0900] "POST /firstweb/LifecycleServlet HTTP/1.1" 200 22
0:0:0:0:0:0:0:1 - - [27/Sep/2021:16:02:03 +0900] "GET /firstweb/LifecycleServlet HTTP/1.1" 200 217
0:0:0:0:0:0:0:1 - - [27/Sep/2021:16:03:04 +0900] "POST /firstweb/LifecycleServlet HTTP/1.1" 200 19
127.0.0.1 - - [27/Sep/2021:16:03:16 +0900] "GET / HTTP/1.1" 404 807
0:0:0:0:0:0:0:1 - - [27/Sep/2021:16:03:16 +0900] "GET /firstweb/LifecycleServlet HTTP/1.1" 200 217
0:0:0:0:0:0:0:1 - - [27/Sep/2021:16:03:20 +0900] "POST /firstweb/LifecycleServlet HTTP/1.1" 200 26
0:0:0:0:0:0:0:1 - - [27/Sep/2021:16:03:22 +0900] "GET /firstweb/LifecycleServlet HTTP/1.1" 200 217
127.0.0.1 - - [27/Sep/2021:18:19:42 +0900] "GET / HTTP/1.1" 404 807
0:0:0:0:0:0:0:1 - - [27/Sep/2021:18:19:43 +0900] "GET /firstweb/header HTTP/1.1" 200 829
0:0:0:0:0:0:0:1 - - [27/Sep/2021:18:21:14 +0900] "GET /firstweb/header HTTP/1.1" 200 829
0:0:0:0:0:0:0:1 - - [27/Sep/2021:18:22:31 +0900] "GET /firstweb/header HTTP/1.1" 200 829
127.0.0.1 - - [27/Sep/2021:18:23:41 +0900] "GET / HTTP/1.1" 404 807
0:0:0:0:0:0:0:1 - - [27/Sep/2021:18:23:41 +0900] "GET /firstweb/header HTTP/1.1" 200 829
127.0.0.1 - - [27/Sep/2021:18:24:12 +0900] "GET / HTTP/1.1" 404 807
0:0:0:0:0:0:0:1 - - [27/Sep/2021:18:24:13 +0900] "GET /firstweb/header HTTP/1.1" 200 839
127.0.0.1 - - [27/Sep/2021:18:24:47 +0900] "GET / HTTP/1.1" 404 807
0:0:0:0:0:0:0:1 - - [27/Sep/2021:18:24:47 +0900] "GET /firstweb/header HTTP/1.1" 200 843
127.0.0.1 - - [27/Sep/2021:18:25:35 +0900] "GET / HTTP/1.1" 404 807
0:0:0:0:0:0:0:1 - - [27/Sep/2021:18:25:36 +0900] "GET /firstweb/LifecycleServlet HTTP/1.1" 200 223
0:0:0:0:0:0:0:1 - - [27/Sep/2021:18:26:14 +0900] "GET /firstweb/header HTTP/1.1" 200 843
127.0.0.1 - - [27/Sep/2021:18:34:25 +0900] "GET / HTTP/1.1" 404 807
0:0:0:0:0:0:0:1 - - [27/Sep/2021:18:34:25 +0900] "GET /firstweb/param HTTP/1.1" 200 101
0:0:0:0:0:0:0:1 - - [27/Sep/2021:18:35:09 +0900] "GET /firstweb/param?name=kim&age=5 HTTP/1.1" 200 97
127.0.0.1 - - [27/Sep/2021:18:36:54 +0900] "GET / HTTP/1.1" 404 807
0:0:0:0:0:0:0:1 - - [27/Sep/2021:18:36:54 +0900] "GET /firstweb/param HTTP/1.1" 200 101
127.0.0.1 - - [27/Sep/2021:18:37:26 +0900] "GET / HTTP/1.1" 404 807
0:0:0:0:0:0:0:1 - - [27/Sep/2021:18:37:26 +0900] "GET /firstweb/param HTTP/1.1" 200 115
127.0.0.1 - - [27/Sep/2021:18:50:17 +0900] "GET / HTTP/1.1" 404 807
0:0:0:0:0:0:0:1 - - [27/Sep/2021:18:50:17 +0900] "GET /firstweb/info HTTP/1.1" 200 204
127.0.0.1 - - [27/Sep/2021:20:29:18 +0900] "GET / HTTP/1.1" 404 807
0:0:0:0:0:0:0:1 - - [27/Sep/2021:20:29:18 +0900] "GET /firstweb/sum10.jsp HTTP/1.1" 200 321
0:0:0:0:0:0:0:1 - - [27/Sep/2021:20:29:40 +0900] "GET /firstweb/sum10.jsp HTTP/1.1" 200 318
0:0:0:0:0:0:0:1 - - [27/Sep/2021:20:37:49 +0900] "GET /firstweb/sum10.jsp HTTP/1.1" 200 322
127.0.0.1 - - [27/Sep/2021:20:49:48 +0900] "GET / HTTP/1.1" 404 807
0:0:0:0:0:0:0:1 - - [27/Sep/2021:20:49:48 +0900] "GET /firstweb/sum10.jsp HTTP/1.1" 200 322
0:0:0:0:0:0:0:1 - - [27/Sep/2021:21:12:56 +0900] "GET /firstweb/lifecycle.jsp HTTP/1.1" 200 145
0:0:0:0:0:0:0:1 - - [27/Sep/2021:21:13:23 +0900] "GET /firstweb/lifecycle.jsp HTTP/1.1" 200 145
0:0:0:0:0:0:0:1 - - [27/Sep/2021:21:13:25 +0900] "GET /firstweb/lifecycle.jsp HTTP/1.1" 200 145
0:0:0:0:0:0:0:1 - - [27/Sep/2021:21:13:26 +0900] "GET /firstweb/lifecycle.jsp HTTP/1.1" 200 145
0:0:0:0:0:0:0:1 - - [27/Sep/2021:21:13:26 +0900] "GET /firstweb/lifecycle.jsp HTTP/1.1" 200 145
0:0:0:0:0:0:0:1 - - [27/Sep/2021:21:13:27 +0900] "GET /firstweb/lifecycle.jsp HTTP/1.1" 200 145
127.0.0.1 - - [27/Sep/2021:21:20:34 +0900] "GET / HTTP/1.1" 404 807
0:0:0:0:0:0:0:1 - - [27/Sep/2021:21:20:35 +0900] "GET /firstweb/lifecycle.jsp HTTP/1.1" 200 151
0:0:0:0:0:0:0:1 - - [27/Sep/2021:21:20:45 +0900] "GET /firstweb/lifecycle.jsp HTTP/1.1" 200 151
0:0:0:0:0:0:0:1 - - [27/Sep/2021:21:20:46 +0900] "GET /firstweb/lifecycle.jsp HTTP/1.1" 200 151
0:0:0:0:0:0:0:1 - - [27/Sep/2021:21:20:50 +0900] "GET /firstweb/lifecycle.jsp HTTP/1.1" 200 151
0:0:0:0:0:0:0:1 - - [27/Sep/2021:21:21:26 +0900] "GET /firstweb/lifecycle.jsp HTTP/1.1" 200 151
0:0:0:0:0:0:0:1 - - [27/Sep/2021:21:22:14 +0900] "GET /firstweb/lifecycle.jsp HTTP/1.1" 200 151
0:0:0:0:0:0:0:1 - - [27/Sep/2021:21:22:31 +0900] "GET /firstweb/lifecycle.jsp HTTP/1.1" 200 151
0:0:0:0:0:0:0:1 - - [27/Sep/2021:21:22:47 +0900] "GET /firstweb/lifecycle.jsp HTTP/1.1" 200 151
0:0:0:0:0:0:0:1 - - [27/Sep/2021:21:23:04 +0900] "GET /firstweb/lifecycle.jsp HTTP/1.1" 200 151
0:0:0:0:0:0:0:1 - - [27/Sep/2021:21:25:05 +0900] "GET /firstweb/lifecycle.jsp HTTP/1.1" 200 147
